[2026-05-09T12:01:56.607468] smoke test
[2026-05-09T12:02:11.444340] smoke test
